[Fri, 16 Jun 2023 16:14:54 +0200] [ Error Type: 8192] Optional parameter $data declared before required parameter $condition is implicitly treated as a required parameter - OCCURED IN C:\xampp\htdocs\mvc_framework\database\DbHandler.php IN LINE 77
[Fri, 16 Jun 2023 16:14:54 +0200] [ Error Type: 1] Uncaught ValueError: trigger_error(): Argument #2 ($error_level) must be one of E_USER_ERROR, E_USER_WARNING, E_USER_NOTICE, or E_USER_DEPRECATED in C:\xampp\htdocs\mvc_framework\public\index.php:17
Stack trace:
#0 C:\xampp\htdocs\mvc_framework\public\index.php(17): trigger_error(&#039;Following error...&#039;, 2)
#1 {main}
  thrown - OCCURED IN C:\xampp\htdocs\mvc_framework\public\index.php IN LINE 17
[Sat, 17 Jun 2023 15:39:48 +0200] [ Error Type: 1] Uncaught Error: Undefined constant &quot;Libraries\Errors\DEBUG_MODE&quot; in C:\xampp\htdocs\mvc_framework\libraries\errors\ErrorHandler.php:33
Stack trace:
#0 C:\xampp\htdocs\mvc_framework\vendor\composer\ClassLoader.php(582): Libraries\Errors\ErrorHandler::handleNonFatalErrors(8192, &#039;Optional parame...&#039;, &#039;C:\\xampp\\htdocs...&#039;, 77)
#1 C:\xampp\htdocs\mvc_framework\vendor\composer\ClassLoader.php(582): include()
#2 C:\xampp\htdocs\mvc_framework\vendor\composer\ClassLoader.php(433): Composer\Autoload\{closure}(&#039;C:\\xampp\\htdocs...&#039;)
#3 C:\xampp\htdocs\mvc_framework\app\models\HomeModel.php(6): Composer\Autoload\ClassLoader-&gt;loadClass(&#039;Database\\DbHand...&#039;)
#4 C:\xampp\htdocs\mvc_framework\vendor\composer\ClassLoader.php(582): include(&#039;C:\\xampp\\htdocs...&#039;)
#5 C:\xampp\htdocs\mvc_framework\vendor\composer\ClassLoader.php(433): Composer\Autoload\{closure}(&#039;C:\\xampp\\htdocs...&#039;)
#6 C:\xampp\htdocs\mvc_framework\app\controllers\Home.php(12): Composer\Autoload\ClassLoader-&gt;loadClass(&#039;App\\Models\\Home...&#039;)
#7 C:\xampp\htdocs\mvc_framework\config\Router.php(41): App\Controllers\Home-&gt;index()
#8 C:\xampp\htdocs\mvc_framework\public\index.php(15): Config\Router-&gt;handleRoutes()
#9 {main}
  thrown - OCCURED IN C:\xampp\htdocs\mvc_framework\libraries\errors\ErrorHandler.php IN LINE 33
[Sat, 17 Jun 2023 15:40:04 +0200] [ Error Type: 1] Uncaught Error: Undefined constant &quot;Libraries\Errors\DEBUG_MODE&quot; in C:\xampp\htdocs\mvc_framework\libraries\errors\ErrorHandler.php:33
Stack trace:
#0 C:\xampp\htdocs\mvc_framework\vendor\composer\ClassLoader.php(582): Libraries\Errors\ErrorHandler::handleNonFatalErrors(8192, &#039;Optional parame...&#039;, &#039;C:\\xampp\\htdocs...&#039;, 77)
#1 C:\xampp\htdocs\mvc_framework\vendor\composer\ClassLoader.php(582): include()
#2 C:\xampp\htdocs\mvc_framework\vendor\composer\ClassLoader.php(433): Composer\Autoload\{closure}(&#039;C:\\xampp\\htdocs...&#039;)
#3 C:\xampp\htdocs\mvc_framework\app\models\HomeModel.php(6): Composer\Autoload\ClassLoader-&gt;loadClass(&#039;Database\\DbHand...&#039;)
#4 C:\xampp\htdocs\mvc_framework\vendor\composer\ClassLoader.php(582): include(&#039;C:\\xampp\\htdocs...&#039;)
#5 C:\xampp\htdocs\mvc_framework\vendor\composer\ClassLoader.php(433): Composer\Autoload\{closure}(&#039;C:\\xampp\\htdocs...&#039;)
#6 C:\xampp\htdocs\mvc_framework\app\controllers\Home.php(12): Composer\Autoload\ClassLoader-&gt;loadClass(&#039;App\\Models\\Home...&#039;)
#7 C:\xampp\htdocs\mvc_framework\config\Router.php(41): App\Controllers\Home-&gt;index()
#8 C:\xampp\htdocs\mvc_framework\public\index.php(15): Config\Router-&gt;handleRoutes()
#9 {main}
  thrown - OCCURED IN C:\xampp\htdocs\mvc_framework\libraries\errors\ErrorHandler.php IN LINE 33
[Sat, 17 Jun 2023 15:40:05 +0200] [ Error Type: 1] Uncaught Error: Undefined constant &quot;Libraries\Errors\DEBUG_MODE&quot; in C:\xampp\htdocs\mvc_framework\libraries\errors\ErrorHandler.php:33
Stack trace:
#0 C:\xampp\htdocs\mvc_framework\vendor\composer\ClassLoader.php(582): Libraries\Errors\ErrorHandler::handleNonFatalErrors(8192, &#039;Optional parame...&#039;, &#039;C:\\xampp\\htdocs...&#039;, 77)
#1 C:\xampp\htdocs\mvc_framework\vendor\composer\ClassLoader.php(582): include()
#2 C:\xampp\htdocs\mvc_framework\vendor\composer\ClassLoader.php(433): Composer\Autoload\{closure}(&#039;C:\\xampp\\htdocs...&#039;)
#3 C:\xampp\htdocs\mvc_framework\app\models\HomeModel.php(6): Composer\Autoload\ClassLoader-&gt;loadClass(&#039;Database\\DbHand...&#039;)
#4 C:\xampp\htdocs\mvc_framework\vendor\composer\ClassLoader.php(582): include(&#039;C:\\xampp\\htdocs...&#039;)
#5 C:\xampp\htdocs\mvc_framework\vendor\composer\ClassLoader.php(433): Composer\Autoload\{closure}(&#039;C:\\xampp\\htdocs...&#039;)
#6 C:\xampp\htdocs\mvc_framework\app\controllers\Home.php(12): Composer\Autoload\ClassLoader-&gt;loadClass(&#039;App\\Models\\Home...&#039;)
#7 C:\xampp\htdocs\mvc_framework\config\Router.php(41): App\Controllers\Home-&gt;index()
#8 C:\xampp\htdocs\mvc_framework\public\index.php(15): Config\Router-&gt;handleRoutes()
#9 {main}
  thrown - OCCURED IN C:\xampp\htdocs\mvc_framework\libraries\errors\ErrorHandler.php IN LINE 33
[Sat, 17 Jun 2023 15:40:05 +0200] [ Error Type: 1] Uncaught Error: Undefined constant &quot;Libraries\Errors\DEBUG_MODE&quot; in C:\xampp\htdocs\mvc_framework\libraries\errors\ErrorHandler.php:33
Stack trace:
#0 C:\xampp\htdocs\mvc_framework\vendor\composer\ClassLoader.php(582): Libraries\Errors\ErrorHandler::handleNonFatalErrors(8192, &#039;Optional parame...&#039;, &#039;C:\\xampp\\htdocs...&#039;, 77)
#1 C:\xampp\htdocs\mvc_framework\vendor\composer\ClassLoader.php(582): include()
#2 C:\xampp\htdocs\mvc_framework\vendor\composer\ClassLoader.php(433): Composer\Autoload\{closure}(&#039;C:\\xampp\\htdocs...&#039;)
#3 C:\xampp\htdocs\mvc_framework\app\models\HomeModel.php(6): Composer\Autoload\ClassLoader-&gt;loadClass(&#039;Database\\DbHand...&#039;)
#4 C:\xampp\htdocs\mvc_framework\vendor\composer\ClassLoader.php(582): include(&#039;C:\\xampp\\htdocs...&#039;)
#5 C:\xampp\htdocs\mvc_framework\vendor\composer\ClassLoader.php(433): Composer\Autoload\{closure}(&#039;C:\\xampp\\htdocs...&#039;)
#6 C:\xampp\htdocs\mvc_framework\app\controllers\Home.php(12): Composer\Autoload\ClassLoader-&gt;loadClass(&#039;App\\Models\\Home...&#039;)
#7 C:\xampp\htdocs\mvc_framework\config\Router.php(41): App\Controllers\Home-&gt;index()
#8 C:\xampp\htdocs\mvc_framework\public\index.php(15): Config\Router-&gt;handleRoutes()
#9 {main}
  thrown - OCCURED IN C:\xampp\htdocs\mvc_framework\libraries\errors\ErrorHandler.php IN LINE 33
[Sat, 17 Jun 2023 15:40:07 +0200] [ Error Type: 1] Uncaught Error: Undefined constant &quot;Libraries\Errors\DEBUG_MODE&quot; in C:\xampp\htdocs\mvc_framework\libraries\errors\ErrorHandler.php:33
Stack trace:
#0 C:\xampp\htdocs\mvc_framework\vendor\composer\ClassLoader.php(582): Libraries\Errors\ErrorHandler::handleNonFatalErrors(8192, &#039;Optional parame...&#039;, &#039;C:\\xampp\\htdocs...&#039;, 77)
#1 C:\xampp\htdocs\mvc_framework\vendor\composer\ClassLoader.php(582): include()
#2 C:\xampp\htdocs\mvc_framework\vendor\composer\ClassLoader.php(433): Composer\Autoload\{closure}(&#039;C:\\xampp\\htdocs...&#039;)
#3 C:\xampp\htdocs\mvc_framework\app\models\HomeModel.php(6): Composer\Autoload\ClassLoader-&gt;loadClass(&#039;Database\\DbHand...&#039;)
#4 C:\xampp\htdocs\mvc_framework\vendor\composer\ClassLoader.php(582): include(&#039;C:\\xampp\\htdocs...&#039;)
#5 C:\xampp\htdocs\mvc_framework\vendor\composer\ClassLoader.php(433): Composer\Autoload\{closure}(&#039;C:\\xampp\\htdocs...&#039;)
#6 C:\xampp\htdocs\mvc_framework\app\controllers\Home.php(12): Composer\Autoload\ClassLoader-&gt;loadClass(&#039;App\\Models\\Home...&#039;)
#7 C:\xampp\htdocs\mvc_framework\config\Router.php(41): App\Controllers\Home-&gt;index()
#8 C:\xampp\htdocs\mvc_framework\public\index.php(15): Config\Router-&gt;handleRoutes()
#9 {main}
  thrown - OCCURED IN C:\xampp\htdocs\mvc_framework\libraries\errors\ErrorHandler.php IN LINE 33
[Sat, 17 Jun 2023 15:40:32 +0200] [ Error Type: 1] Uncaught Error: Undefined constant &quot;Libraries\Errors\DEBUG_MODE&quot; in C:\xampp\htdocs\mvc_framework\libraries\errors\ErrorHandler.php:33
Stack trace:
#0 C:\xampp\htdocs\mvc_framework\vendor\composer\ClassLoader.php(582): Libraries\Errors\ErrorHandler::handleNonFatalErrors(8192, &#039;Optional parame...&#039;, &#039;C:\\xampp\\htdocs...&#039;, 77)
#1 C:\xampp\htdocs\mvc_framework\vendor\composer\ClassLoader.php(582): include()
#2 C:\xampp\htdocs\mvc_framework\vendor\composer\ClassLoader.php(433): Composer\Autoload\{closure}(&#039;C:\\xampp\\htdocs...&#039;)
#3 C:\xampp\htdocs\mvc_framework\app\models\HomeModel.php(6): Composer\Autoload\ClassLoader-&gt;loadClass(&#039;Database\\DbHand...&#039;)
#4 C:\xampp\htdocs\mvc_framework\vendor\composer\ClassLoader.php(582): include(&#039;C:\\xampp\\htdocs...&#039;)
#5 C:\xampp\htdocs\mvc_framework\vendor\composer\ClassLoader.php(433): Composer\Autoload\{closure}(&#039;C:\\xampp\\htdocs...&#039;)
#6 C:\xampp\htdocs\mvc_framework\app\controllers\Home.php(12): Composer\Autoload\ClassLoader-&gt;loadClass(&#039;App\\Models\\Home...&#039;)
#7 C:\xampp\htdocs\mvc_framework\config\Router.php(41): App\Controllers\Home-&gt;index()
#8 C:\xampp\htdocs\mvc_framework\public\index.php(15): Config\Router-&gt;handleRoutes()
#9 {main}
  thrown - OCCURED IN C:\xampp\htdocs\mvc_framework\libraries\errors\ErrorHandler.php IN LINE 33
[Sat, 17 Jun 2023 15:40:33 +0200] [ Error Type: 1] Uncaught Error: Undefined constant &quot;Libraries\Errors\DEBUG_MODE&quot; in C:\xampp\htdocs\mvc_framework\libraries\errors\ErrorHandler.php:33
Stack trace:
#0 C:\xampp\htdocs\mvc_framework\vendor\composer\ClassLoader.php(582): Libraries\Errors\ErrorHandler::handleNonFatalErrors(8192, &#039;Optional parame...&#039;, &#039;C:\\xampp\\htdocs...&#039;, 77)
#1 C:\xampp\htdocs\mvc_framework\vendor\composer\ClassLoader.php(582): include()
#2 C:\xampp\htdocs\mvc_framework\vendor\composer\ClassLoader.php(433): Composer\Autoload\{closure}(&#039;C:\\xampp\\htdocs...&#039;)
#3 C:\xampp\htdocs\mvc_framework\app\models\HomeModel.php(6): Composer\Autoload\ClassLoader-&gt;loadClass(&#039;Database\\DbHand...&#039;)
#4 C:\xampp\htdocs\mvc_framework\vendor\composer\ClassLoader.php(582): include(&#039;C:\\xampp\\htdocs...&#039;)
#5 C:\xampp\htdocs\mvc_framework\vendor\composer\ClassLoader.php(433): Composer\Autoload\{closure}(&#039;C:\\xampp\\htdocs...&#039;)
#6 C:\xampp\htdocs\mvc_framework\app\controllers\Home.php(12): Composer\Autoload\ClassLoader-&gt;loadClass(&#039;App\\Models\\Home...&#039;)
#7 C:\xampp\htdocs\mvc_framework\config\Router.php(41): App\Controllers\Home-&gt;index()
#8 C:\xampp\htdocs\mvc_framework\public\index.php(15): Config\Router-&gt;handleRoutes()
#9 {main}
  thrown - OCCURED IN C:\xampp\htdocs\mvc_framework\libraries\errors\ErrorHandler.php IN LINE 33
[Sat, 17 Jun 2023 15:40:55 +0200] [ Error Type: 1] Uncaught Error: Undefined constant &quot;Libraries\Errors\DEBUG_MODE&quot; in C:\xampp\htdocs\mvc_framework\libraries\errors\ErrorHandler.php:33
Stack trace:
#0 C:\xampp\htdocs\mvc_framework\vendor\composer\ClassLoader.php(582): Libraries\Errors\ErrorHandler::handleNonFatalErrors(8192, &#039;Optional parame...&#039;, &#039;C:\\xampp\\htdocs...&#039;, 77)
#1 C:\xampp\htdocs\mvc_framework\vendor\composer\ClassLoader.php(582): include()
#2 C:\xampp\htdocs\mvc_framework\vendor\composer\ClassLoader.php(433): Composer\Autoload\{closure}(&#039;C:\\xampp\\htdocs...&#039;)
#3 C:\xampp\htdocs\mvc_framework\app\models\HomeModel.php(6): Composer\Autoload\ClassLoader-&gt;loadClass(&#039;Database\\DbHand...&#039;)
#4 C:\xampp\htdocs\mvc_framework\vendor\composer\ClassLoader.php(582): include(&#039;C:\\xampp\\htdocs...&#039;)
#5 C:\xampp\htdocs\mvc_framework\vendor\composer\ClassLoader.php(433): Composer\Autoload\{closure}(&#039;C:\\xampp\\htdocs...&#039;)
#6 C:\xampp\htdocs\mvc_framework\app\controllers\Home.php(12): Composer\Autoload\ClassLoader-&gt;loadClass(&#039;App\\Models\\Home...&#039;)
#7 C:\xampp\htdocs\mvc_framework\config\Router.php(41): App\Controllers\Home-&gt;index()
#8 C:\xampp\htdocs\mvc_framework\public\index.php(15): Config\Router-&gt;handleRoutes()
#9 {main}
  thrown - OCCURED IN C:\xampp\htdocs\mvc_framework\libraries\errors\ErrorHandler.php IN LINE 33
[Sat, 17 Jun 2023 15:40:56 +0200] [ Error Type: 1] Uncaught Error: Undefined constant &quot;Libraries\Errors\DEBUG_MODE&quot; in C:\xampp\htdocs\mvc_framework\libraries\errors\ErrorHandler.php:33
Stack trace:
#0 C:\xampp\htdocs\mvc_framework\vendor\composer\ClassLoader.php(582): Libraries\Errors\ErrorHandler::handleNonFatalErrors(8192, &#039;Optional parame...&#039;, &#039;C:\\xampp\\htdocs...&#039;, 77)
#1 C:\xampp\htdocs\mvc_framework\vendor\composer\ClassLoader.php(582): include()
#2 C:\xampp\htdocs\mvc_framework\vendor\composer\ClassLoader.php(433): Composer\Autoload\{closure}(&#039;C:\\xampp\\htdocs...&#039;)
#3 C:\xampp\htdocs\mvc_framework\app\models\HomeModel.php(6): Composer\Autoload\ClassLoader-&gt;loadClass(&#039;Database\\DbHand...&#039;)
#4 C:\xampp\htdocs\mvc_framework\vendor\composer\ClassLoader.php(582): include(&#039;C:\\xampp\\htdocs...&#039;)
#5 C:\xampp\htdocs\mvc_framework\vendor\composer\ClassLoader.php(433): Composer\Autoload\{closure}(&#039;C:\\xampp\\htdocs...&#039;)
#6 C:\xampp\htdocs\mvc_framework\app\controllers\Home.php(12): Composer\Autoload\ClassLoader-&gt;loadClass(&#039;App\\Models\\Home...&#039;)
#7 C:\xampp\htdocs\mvc_framework\config\Router.php(41): App\Controllers\Home-&gt;index()
#8 C:\xampp\htdocs\mvc_framework\public\index.php(15): Config\Router-&gt;handleRoutes()
#9 {main}
  thrown - OCCURED IN C:\xampp\htdocs\mvc_framework\libraries\errors\ErrorHandler.php IN LINE 33
[Sat, 17 Jun 2023 15:40:56 +0200] [ Error Type: 1] Uncaught Error: Undefined constant &quot;Libraries\Errors\DEBUG_MODE&quot; in C:\xampp\htdocs\mvc_framework\libraries\errors\ErrorHandler.php:33
Stack trace:
#0 C:\xampp\htdocs\mvc_framework\vendor\composer\ClassLoader.php(582): Libraries\Errors\ErrorHandler::handleNonFatalErrors(8192, &#039;Optional parame...&#039;, &#039;C:\\xampp\\htdocs...&#039;, 77)
#1 C:\xampp\htdocs\mvc_framework\vendor\composer\ClassLoader.php(582): include()
#2 C:\xampp\htdocs\mvc_framework\vendor\composer\ClassLoader.php(433): Composer\Autoload\{closure}(&#039;C:\\xampp\\htdocs...&#039;)
#3 C:\xampp\htdocs\mvc_framework\app\models\HomeModel.php(6): Composer\Autoload\ClassLoader-&gt;loadClass(&#039;Database\\DbHand...&#039;)
#4 C:\xampp\htdocs\mvc_framework\vendor\composer\ClassLoader.php(582): include(&#039;C:\\xampp\\htdocs...&#039;)
#5 C:\xampp\htdocs\mvc_framework\vendor\composer\ClassLoader.php(433): Composer\Autoload\{closure}(&#039;C:\\xampp\\htdocs...&#039;)
#6 C:\xampp\htdocs\mvc_framework\app\controllers\Home.php(12): Composer\Autoload\ClassLoader-&gt;loadClass(&#039;App\\Models\\Home...&#039;)
#7 C:\xampp\htdocs\mvc_framework\config\Router.php(41): App\Controllers\Home-&gt;index()
#8 C:\xampp\htdocs\mvc_framework\public\index.php(15): Config\Router-&gt;handleRoutes()
#9 {main}
  thrown - OCCURED IN C:\xampp\htdocs\mvc_framework\libraries\errors\ErrorHandler.php IN LINE 33
[Sat, 17 Jun 2023 15:45:23 +0200] [ Error Type: 8192] Optional parameter $data declared before required parameter $condition is implicitly treated as a required parameter - OCCURED IN C:\xampp\htdocs\mvc_framework\database\DbHandler.php IN LINE 77
[Sat, 17 Jun 2023 15:45:24 +0200] [ Error Type: 8192] Optional parameter $data declared before required parameter $condition is implicitly treated as a required parameter - OCCURED IN C:\xampp\htdocs\mvc_framework\database\DbHandler.php IN LINE 77
[Sat, 17 Jun 2023 15:45:25 +0200] [ Error Type: 8192] Optional parameter $data declared before required parameter $condition is implicitly treated as a required parameter - OCCURED IN C:\xampp\htdocs\mvc_framework\database\DbHandler.php IN LINE 77
[Sat, 17 Jun 2023 15:45:57 +0200] [ Error Type: 8192] Optional parameter $data declared before required parameter $condition is implicitly treated as a required parameter - OCCURED IN C:\xampp\htdocs\mvc_framework\database\DbHandler.php IN LINE 77
[Sat, 17 Jun 2023 15:45:58 +0200] [ Error Type: 8192] Optional parameter $data declared before required parameter $condition is implicitly treated as a required parameter - OCCURED IN C:\xampp\htdocs\mvc_framework\database\DbHandler.php IN LINE 77
[Sat, 17 Jun 2023 15:45:58 +0200] [ Error Type: 8192] Optional parameter $data declared before required parameter $condition is implicitly treated as a required parameter - OCCURED IN C:\xampp\htdocs\mvc_framework\database\DbHandler.php IN LINE 77
[Sat, 17 Jun 2023 15:45:58 +0200] [ Error Type: 8192] Optional parameter $data declared before required parameter $condition is implicitly treated as a required parameter - OCCURED IN C:\xampp\htdocs\mvc_framework\database\DbHandler.php IN LINE 77
[Sat, 17 Jun 2023 15:45:59 +0200] [ Error Type: 8192] Optional parameter $data declared before required parameter $condition is implicitly treated as a required parameter - OCCURED IN C:\xampp\htdocs\mvc_framework\database\DbHandler.php IN LINE 77
[Sat, 17 Jun 2023 15:47:00 +0200] [ Error Type: 8192] Optional parameter $data declared before required parameter $condition is implicitly treated as a required parameter - OCCURED IN C:\xampp\htdocs\mvc_framework\database\DbHandler.php IN LINE 77
[Sat, 17 Jun 2023 15:47:01 +0200] [ Error Type: 8192] Optional parameter $data declared before required parameter $condition is implicitly treated as a required parameter - OCCURED IN C:\xampp\htdocs\mvc_framework\database\DbHandler.php IN LINE 77
[Sat, 17 Jun 2023 15:47:01 +0200] [ Error Type: 8192] Optional parameter $data declared before required parameter $condition is implicitly treated as a required parameter - OCCURED IN C:\xampp\htdocs\mvc_framework\database\DbHandler.php IN LINE 77
[Sat, 17 Jun 2023 15:47:01 +0200] [ Error Type: 8192] Optional parameter $data declared before required parameter $condition is implicitly treated as a required parameter - OCCURED IN C:\xampp\htdocs\mvc_framework\database\DbHandler.php IN LINE 77
[Sat, 17 Jun 2023 15:47:01 +0200] [ Error Type: 8192] Optional parameter $data declared before required parameter $condition is implicitly treated as a required parameter - OCCURED IN C:\xampp\htdocs\mvc_framework\database\DbHandler.php IN LINE 77
[Sat, 17 Jun 2023 15:47:02 +0200] [ Error Type: 8192] Optional parameter $data declared before required parameter $condition is implicitly treated as a required parameter - OCCURED IN C:\xampp\htdocs\mvc_framework\database\DbHandler.php IN LINE 77
[Sat, 17 Jun 2023 15:47:02 +0200] [ Error Type: 8192] Optional parameter $data declared before required parameter $condition is implicitly treated as a required parameter - OCCURED IN C:\xampp\htdocs\mvc_framework\database\DbHandler.php IN LINE 77
[Sat, 17 Jun 2023 15:47:11 +0200] [ Error Type: 8192] Optional parameter $data declared before required parameter $condition is implicitly treated as a required parameter - OCCURED IN C:\xampp\htdocs\mvc_framework\database\DbHandler.php IN LINE 77
[Sat, 17 Jun 2023 15:47:25 +0200] [ Error Type: 8192] Optional parameter $data declared before required parameter $condition is implicitly treated as a required parameter - OCCURED IN C:\xampp\htdocs\mvc_framework\database\DbHandler.php IN LINE 77
[Sat, 17 Jun 2023 15:47:27 +0200] [ Error Type: 8192] Optional parameter $data declared before required parameter $condition is implicitly treated as a required parameter - OCCURED IN C:\xampp\htdocs\mvc_framework\database\DbHandler.php IN LINE 77
[Sat, 17 Jun 2023 15:47:28 +0200] [ Error Type: 8192] Optional parameter $data declared before required parameter $condition is implicitly treated as a required parameter - OCCURED IN C:\xampp\htdocs\mvc_framework\database\DbHandler.php IN LINE 77
[Sat, 17 Jun 2023 15:47:35 +0200] [ Error Type: 8192] Optional parameter $data declared before required parameter $condition is implicitly treated as a required parameter - OCCURED IN C:\xampp\htdocs\mvc_framework\database\DbHandler.php IN LINE 77
[Sat, 17 Jun 2023 15:47:36 +0200] [ Error Type: 8192] Optional parameter $data declared before required parameter $condition is implicitly treated as a required parameter - OCCURED IN C:\xampp\htdocs\mvc_framework\database\DbHandler.php IN LINE 77
[Sat, 17 Jun 2023 15:47:48 +0200] [ Error Type: 8192] Optional parameter $data declared before required parameter $condition is implicitly treated as a required parameter - OCCURED IN C:\xampp\htdocs\mvc_framework\database\DbHandler.php IN LINE 77
[Sat, 17 Jun 2023 15:47:49 +0200] [ Error Type: 8192] Optional parameter $data declared before required parameter $condition is implicitly treated as a required parameter - OCCURED IN C:\xampp\htdocs\mvc_framework\database\DbHandler.php IN LINE 77
[Sat, 17 Jun 2023 15:47:50 +0200] [ Error Type: 8192] Optional parameter $data declared before required parameter $condition is implicitly treated as a required parameter - OCCURED IN C:\xampp\htdocs\mvc_framework\database\DbHandler.php IN LINE 77
[Sat, 17 Jun 2023 15:49:06 +0200] [ Error Type: E_DEPRECATED] Optional parameter $data declared before required parameter $condition is implicitly treated as a required parameter - OCCURED IN C:\xampp\htdocs\mvc_framework\database\DbHandler.php IN LINE 77
[Sat, 17 Jun 2023 15:49:48 +0200] [ Error Type: E_USER_NOTICE] error - OCCURED IN C:\xampp\htdocs\mvc_framework\public\index.php IN LINE 17
[Sat, 17 Jun 2023 15:50:03 +0200] [ Error Type: E_ERROR] Uncaught ValueError: trigger_error(): Argument #2 ($error_level) must be one of E_USER_ERROR, E_USER_WARNING, E_USER_NOTICE, or E_USER_DEPRECATED in C:\xampp\htdocs\mvc_framework\public\index.php:17
Stack trace:
#0 C:\xampp\htdocs\mvc_framework\public\index.php(17): trigger_error(&#039;error&#039;, 1)
#1 {main}
  thrown - OCCURED IN C:\xampp\htdocs\mvc_framework\public\index.php IN LINE 17
[Sat, 17 Jun 2023 16:05:17 +0200] [ Error Type: E_ERROR] Uncaught ValueError: trigger_error(): Argument #2 ($error_level) must be one of E_USER_ERROR, E_USER_WARNING, E_USER_NOTICE, or E_USER_DEPRECATED in C:\xampp\htdocs\mvc_framework\public\index.php:17
Stack trace:
#0 C:\xampp\htdocs\mvc_framework\public\index.php(17): trigger_error(&#039;error&#039;, 1)
#1 {main}
  thrown - OCCURED IN C:\xampp\htdocs\mvc_framework\public\index.php IN LINE 17
[Sat, 17 Jun 2023 16:13:48 +0200] [ Error Type: E_ERROR] Uncaught ValueError: trigger_error(): Argument #2 ($error_level) must be one of E_USER_ERROR, E_USER_WARNING, E_USER_NOTICE, or E_USER_DEPRECATED in C:\xampp\htdocs\mvc_framework\public\index.php:17
Stack trace:
#0 C:\xampp\htdocs\mvc_framework\public\index.php(17): trigger_error(&#039;error&#039;, 1)
#1 {main}
  thrown - OCCURED IN C:\xampp\htdocs\mvc_framework\public\index.php IN LINE 17
[Sat, 17 Jun 2023 16:14:03 +0200] [ Error Type: E_ERROR] Uncaught ValueError: trigger_error(): Argument #2 ($error_level) must be one of E_USER_ERROR, E_USER_WARNING, E_USER_NOTICE, or E_USER_DEPRECATED in C:\xampp\htdocs\mvc_framework\public\index.php:17
Stack trace:
#0 C:\xampp\htdocs\mvc_framework\public\index.php(17): trigger_error(&#039;error&#039;, 1)
#1 {main}
  thrown - OCCURED IN C:\xampp\htdocs\mvc_framework\public\index.php IN LINE 17
[Sat, 17 Jun 2023 16:14:27 +0200] [ Error Type: E_USER_NOTICE] error - OCCURED IN C:\xampp\htdocs\mvc_framework\public\index.php IN LINE 17
[Sat, 17 Jun 2023 16:16:20 +0200] [ Error Type: E_USER_NOTICE] error - OCCURED IN C:\xampp\htdocs\mvc_framework\public\index.php IN LINE 17
[Sat, 17 Jun 2023 16:16:32 +0200] [ Error Type: E_ERROR] Uncaught ValueError: trigger_error(): Argument #2 ($error_level) must be one of E_USER_ERROR, E_USER_WARNING, E_USER_NOTICE, or E_USER_DEPRECATED in C:\xampp\htdocs\mvc_framework\public\index.php:17
Stack trace:
#0 C:\xampp\htdocs\mvc_framework\public\index.php(17): trigger_error(&#039;error&#039;, 1)
#1 {main}
  thrown - OCCURED IN C:\xampp\htdocs\mvc_framework\public\index.php IN LINE 17
[Sat, 17 Jun 2023 16:22:22 +0200] [ Error Type: E_ERROR] Uncaught ValueError: trigger_error(): Argument #2 ($error_level) must be one of E_USER_ERROR, E_USER_WARNING, E_USER_NOTICE, or E_USER_DEPRECATED in C:\xampp\htdocs\mvc_framework\public\index.php:17
Stack trace:
#0 C:\xampp\htdocs\mvc_framework\public\index.php(17): trigger_error(&#039;error&#039;, 1)
#1 {main}
  thrown - OCCURED IN C:\xampp\htdocs\mvc_framework\public\index.php IN LINE 17
[Sat, 17 Jun 2023 16:24:30 +0200] [ Error Type: E_ERROR] Uncaught ValueError: trigger_error(): Argument #2 ($error_level) must be one of E_USER_ERROR, E_USER_WARNING, E_USER_NOTICE, or E_USER_DEPRECATED in C:\xampp\htdocs\mvc_framework\public\index.php:17
Stack trace:
#0 C:\xampp\htdocs\mvc_framework\public\index.php(17): trigger_error(&#039;error&#039;, 1)
#1 {main}
  thrown - OCCURED IN C:\xampp\htdocs\mvc_framework\public\index.php IN LINE 17
[Sat, 17 Jun 2023 16:24:43 +0200] [ Error Type: E_ERROR] Uncaught ValueError: trigger_error(): Argument #2 ($error_level) must be one of E_USER_ERROR, E_USER_WARNING, E_USER_NOTICE, or E_USER_DEPRECATED in C:\xampp\htdocs\mvc_framework\public\index.php:17
Stack trace:
#0 C:\xampp\htdocs\mvc_framework\public\index.php(17): trigger_error(&#039;error&#039;, 1)
#1 {main}
  thrown - OCCURED IN C:\xampp\htdocs\mvc_framework\public\index.php IN LINE 17
[Sat, 17 Jun 2023 16:24:46 +0200] [ Error Type: E_ERROR] Uncaught ValueError: trigger_error(): Argument #2 ($error_level) must be one of E_USER_ERROR, E_USER_WARNING, E_USER_NOTICE, or E_USER_DEPRECATED in C:\xampp\htdocs\mvc_framework\public\index.php:17
Stack trace:
#0 C:\xampp\htdocs\mvc_framework\public\index.php(17): trigger_error(&#039;error&#039;, 1)
#1 {main}
  thrown - OCCURED IN C:\xampp\htdocs\mvc_framework\public\index.php IN LINE 17
[Sat, 17 Jun 2023 16:25:16 +0200] [ Error Type: E_ERROR] Uncaught ValueError: trigger_error(): Argument #2 ($error_level) must be one of E_USER_ERROR, E_USER_WARNING, E_USER_NOTICE, or E_USER_DEPRECATED in C:\xampp\htdocs\mvc_framework\public\index.php:17
Stack trace:
#0 C:\xampp\htdocs\mvc_framework\public\index.php(17): trigger_error(&#039;error&#039;, 1)
#1 {main}
  thrown - OCCURED IN C:\xampp\htdocs\mvc_framework\public\index.php IN LINE 17
